node.exe : C:\Projects\PTGR\firma\backend\node_mod
ules\@prisma\client\src\runtime\getPrismaClient.ts
:259
At C:\Program Files\nodejs\npx.ps1:29 char:3
+   & $NODE_EXE $NPX_CLI_JS $args
+   ~~~~~~~~~~~~~~~~~~~~~~~~~~~~~
    + CategoryInfo          : NotSpecified: (C:\P 
   rojects\PTG...maClient.ts:259:String) [], Rem  
  oteException
    + FullyQualifiedErrorId : NativeCommandError
 
        throw new PrismaClientInitializationError(
              ^
PrismaClientInitializationError: `PrismaClient` 
needs to be constructed with a non-empty, valid 
`PrismaClientOptions`:

```
new PrismaClient({
  ...
})
```

or

```
constructor() {
  super({ ... });
}
```
          
    at new t (C:\Projects\PTGR\firma\backend\node_
modules\@prisma\client\src\runtime\getPrismaClient
.ts:259:15)
    at Object.<anonymous> (C:\Projects\PTGR\firma\
backend\test-enums.ts:2:16)
    at Module._compile 
(node:internal/modules/cjs/loader:1730:14)
    at Module.m._compile (C:\Projects\PTGR\firma\b
ackend\node_modules\ts-node\src\index.ts:1618:23)
    at node:internal/modules/cjs/loader:1895:10
    at Object.require.extensions.<computed> [as 
.ts] (C:\Projects\PTGR\firma\backend\node_modules\
ts-node\src\index.ts:1621:12)
    at Module.load 
(node:internal/modules/cjs/loader:1465:32)
    at Function._load 
(node:internal/modules/cjs/loader:1282:12)
    at TracingChannel.traceSync 
(node:diagnostics_channel:322:14)
    at wrapModuleLoad 
(node:internal/modules/cjs/loader:235:24) {
  clientVersion: '7.2.0',
  errorCode: undefined,
  retryable: undefined
}
